== CODE TODO ==
# ONE
# TWO

=== Styles TOOD ===
# Style TODO One
# Style TODO Two

# One
# Two
# Three
